\BOOKMARK [0][-]{chapter*.1}{\376\377\000R\000e\000s\000u\000m\000e\000n}{}% 1
\BOOKMARK [0][-]{chapter*.2}{\376\377\000A\000b\000s\000t\000r\000a\000c\000t}{}% 2
\BOOKMARK [0][-]{chapter.1}{\376\377\000I\000n\000t\000r\000o\000d\000u\000c\000c\000i\000\363\000n}{}% 3
\BOOKMARK [0][-]{chapter.2}{\376\377\000E\000s\000t\000a\000d\000o\000\040\000d\000e\000\040\000l\000a\000\040\000t\000\351\000c\000n\000i\000c\000a}{}% 4
\BOOKMARK [1][-]{section.2.1}{\376\377\000B\000a\000s\000e\000\040\000y\000\040\000a\000c\000t\000u\000a\000l\000i\000d\000a\000d\000\040\000d\000e\000l\000\040\000a\000p\000r\000e\000n\000d\000i\000z\000a\000j\000e\000\040\000a\000u\000t\000o\000m\000\341\000t\000i\000c\000o}{chapter.2}% 5
\BOOKMARK [1][-]{section.2.2}{\376\377\000L\000a\000\040\000e\000m\000e\000r\000g\000e\000n\000c\000i\000a\000\040\000d\000e\000\040\000T\000i\000n\000y\000M\000L}{chapter.2}% 6
\BOOKMARK [1][-]{section.2.3}{\376\377\000R\000e\000s\000t\000r\000i\000c\000c\000i\000o\000n\000e\000s\000\040\000e\000n\000\040\000T\000i\000n\000y\000M\000L}{chapter.2}% 7
\BOOKMARK [1][-]{section.2.4}{\376\377\000M\000o\000d\000e\000l\000o\000s\000\040\000d\000e\000\040\000a\000p\000r\000e\000n\000d\000i\000z\000a\000j\000e\000\040\000a\000u\000t\000o\000m\000\341\000t\000i\000c\000o\000\040\000e\000n\000\040\000T\000i\000n\000y\000M\000L}{chapter.2}% 8
\BOOKMARK [2][-]{subsection.2.4.1}{\376\377\000M\000o\000d\000e\000l\000o\000s\000\040\000c\000l\000\341\000s\000i\000c\000o\000s}{section.2.4}% 9
\BOOKMARK [2][-]{subsection.2.4.2}{\376\377\000M\000o\000d\000e\000l\000o\000s\000\040\000c\000o\000m\000p\000l\000e\000j\000o\000s}{section.2.4}% 10
\BOOKMARK [1][-]{section.2.5}{\376\377\000T\000\351\000c\000n\000i\000c\000a\000s\000\040\000d\000e\000\040\000c\000o\000m\000p\000r\000e\000s\000i\000\363\000n\000\040\000y\000\040\000o\000p\000t\000i\000m\000i\000z\000a\000c\000i\000\363\000n\000\040\000d\000e\000\040\000m\000o\000d\000e\000l\000o\000s}{chapter.2}% 11
\BOOKMARK [2][-]{subsection.2.5.1}{\376\377\000C\000u\000a\000n\000t\000i\000z\000a\000c\000i\000\363\000n}{section.2.5}% 12
\BOOKMARK [2][-]{subsection.2.5.2}{\376\377\000P\000o\000d\000a}{section.2.5}% 13
\BOOKMARK [2][-]{subsection.2.5.3}{\376\377\000D\000e\000s\000t\000i\000l\000a\000c\000i\000\363\000n\000\040\000d\000e\000\040\000c\000o\000n\000o\000c\000i\000m\000i\000e\000n\000t\000o}{section.2.5}% 14
\BOOKMARK [2][-]{subsection.2.5.4}{\376\377\000F\000a\000c\000t\000o\000r\000i\000z\000a\000c\000i\000\363\000n\000\040\000d\000e\000\040\000b\000a\000j\000o\000\040\000r\000a\000n\000g\000o}{section.2.5}% 15
\BOOKMARK [2][-]{subsection.2.5.5}{\376\377\000C\000l\000u\000s\000t\000e\000r\000i\000z\000a\000c\000i\000\363\000n\000\040\000y\000\040\000c\000u\000a\000n\000t\000i\000z\000a\000c\000i\000\363\000n\000\040\000d\000e\000\040\000p\000e\000s\000o\000s}{section.2.5}% 16
\BOOKMARK [2][-]{subsection.2.5.6}{\376\377\000B\000\372\000s\000q\000u\000e\000d\000a\000\040\000d\000e\000\040\000a\000r\000q\000u\000i\000t\000e\000c\000t\000u\000r\000a\000s\000\040\000n\000e\000u\000r\000o\000n\000a\000l\000e\000s}{section.2.5}% 17
\BOOKMARK [2][-]{subsection.2.5.7}{\376\377\000F\000u\000s\000i\000\363\000n\000\040\000d\000e\000\040\000o\000p\000e\000r\000a\000d\000o\000r\000e\000s\000\040\000y\000\040\000o\000p\000t\000i\000m\000i\000z\000a\000c\000i\000\363\000n\000\040\000d\000e\000\040\000g\000r\000a\000f\000o\000s}{section.2.5}% 18
\BOOKMARK [1][-]{section.2.6}{\376\377\000F\000r\000a\000m\000e\000w\000o\000r\000k\000s\000\040\000y\000\040\000h\000e\000r\000r\000a\000m\000i\000e\000n\000t\000a\000s\000\040\000s\000o\000f\000t\000w\000a\000r\000e}{chapter.2}% 19
\BOOKMARK [2][-]{subsection.2.6.1}{\376\377\000S\000c\000i\000k\000i\000t\000-\000l\000e\000a\000r\000n}{section.2.6}% 20
\BOOKMARK [2][-]{subsection.2.6.2}{\376\377\000O\000N\000N\000X\000\040\000y\000\040\000O\000N\000N\000X\000\040\000R\000u\000n\000t\000i\000m\000e}{section.2.6}% 21
\BOOKMARK [2][-]{subsection.2.6.3}{\376\377\000T\000e\000n\000s\000o\000r\000F\000l\000o\000w\000\040\000L\000i\000t\000e\000\040\000y\000\040\000T\000e\000n\000s\000o\000r\000F\000l\000o\000w\000\040\000L\000i\000t\000e\000\040\000f\000o\000r\000\040\000M\000i\000c\000r\000o\000c\000o\000n\000t\000r\000o\000l\000l\000e\000r\000s}{section.2.6}% 22
\BOOKMARK [2][-]{subsection.2.6.4}{\376\377\000P\000y\000T\000o\000r\000c\000h\000\040\000M\000o\000b\000i\000l\000e\000\040\000y\000\040\000E\000x\000e\000c\000u\000T\000o\000r\000c\000h}{section.2.6}% 23
\BOOKMARK [2][-]{subsection.2.6.5}{\376\377\000A\000p\000a\000c\000h\000e\000\040\000T\000V\000M\000\040\000y\000\040\000M\000i\000c\000r\000o\000T\000V\000M}{section.2.6}% 24
\BOOKMARK [2][-]{subsection.2.6.6}{\376\377\000C\000M\000S\000I\000S\000-\000N\000N\000\040\000y\000\040\000S\000T\000M\0003\0002\000C\000u\000b\000e\000.\000A\000I}{section.2.6}% 25
\BOOKMARK [2][-]{subsection.2.6.7}{\376\377\000P\000l\000a\000t\000a\000f\000o\000r\000m\000a\000s\000\040\000i\000n\000t\000e\000g\000r\000a\000d\000a\000s\000\040\000d\000e\000\040\000p\000r\000o\000t\000o\000t\000i\000p\000a\000d\000o\000\040\000r\000\341\000p\000i\000d\000o\000:\000\040\000E\000d\000g\000e\000\040\000I\000m\000p\000u\000l\000s\000e\000,\000\040\000u\000T\000e\000n\000s\000o\000r\000\040\000y\000\040\000N\000a\000n\000o\000E\000d\000g\000e\000\040\000A\000I\000\040\000S\000t\000u\000d\000i\000o}{section.2.6}% 26
\BOOKMARK [2][-]{subsection.2.6.8}{\376\377\000C\000o\000m\000p\000a\000r\000a\000t\000i\000v\000a\000\040\000e\000n\000t\000r\000e\000\040\000f\000r\000a\000m\000e\000w\000o\000r\000k\000s}{section.2.6}% 27
\BOOKMARK [1][-]{section.2.7}{\376\377\000B\000e\000n\000c\000h\000m\000a\000r\000k\000s\000\040\000y\000\040\000m\000\351\000t\000r\000i\000c\000a\000s}{chapter.2}% 28
\BOOKMARK [2][-]{subsection.2.7.1}{\376\377\000M\000\351\000t\000r\000i\000c\000a\000s\000\040\000d\000e\000\040\000r\000e\000n\000d\000i\000m\000i\000e\000n\000t\000o\000\040\000p\000r\000e\000d\000i\000c\000t\000i\000v\000o}{section.2.7}% 29
\BOOKMARK [2][-]{subsection.2.7.2}{\376\377\000C\000o\000m\000p\000r\000o\000m\000i\000s\000o\000s\000\040\000\050\000t\000r\000a\000d\000e\000-\000o\000f\000f\000s\000\051}{section.2.7}% 30
\BOOKMARK [1][-]{section.2.8}{\376\377\000\301\000r\000e\000a\000s\000\040\000d\000e\000\040\000a\000p\000l\000i\000c\000a\000c\000i\000\363\000n}{chapter.2}% 31
\BOOKMARK [2][-]{subsection.2.8.1}{\376\377\000S\000a\000l\000u\000d\000\040\000y\000\040\000m\000o\000n\000i\000t\000o\000r\000i\000z\000a\000c\000i\000\363\000n\000\040\000p\000e\000r\000s\000o\000n\000a\000l}{section.2.8}% 32
\BOOKMARK [2][-]{subsection.2.8.2}{\376\377\000A\000g\000r\000i\000c\000u\000l\000t\000u\000r\000a\000\040\000d\000e\000\040\000p\000r\000e\000c\000i\000s\000i\000\363\000n\000\040\000e\000\040\000i\000n\000d\000u\000s\000t\000r\000i\000a}{section.2.8}% 33
\BOOKMARK [2][-]{subsection.2.8.3}{\376\377\000T\000r\000a\000n\000s\000p\000o\000r\000t\000e\000\040\000y\000\040\000s\000e\000g\000u\000r\000i\000d\000a\000d}{section.2.8}% 34
\BOOKMARK [2][-]{subsection.2.8.4}{\376\377\000H\000o\000g\000a\000r\000\040\000y\000\040\000d\000i\000s\000p\000o\000s\000i\000t\000i\000v\000o\000s\000\040\000i\000n\000t\000e\000l\000i\000g\000e\000n\000t\000e\000s}{section.2.8}% 35
\BOOKMARK [2][-]{subsection.2.8.5}{\376\377\000E\000d\000u\000c\000a\000c\000i\000\363\000n\000\040\000y\000\040\000e\000n\000t\000o\000r\000n\000o\000s\000\040\000d\000e\000\040\000a\000p\000r\000e\000n\000d\000i\000z\000a\000j\000e}{section.2.8}% 36
\BOOKMARK [0][-]{chapter.3}{\376\377\000F\000o\000r\000m\000u\000l\000a\000c\000i\000\363\000n\000\040\000d\000e\000l\000\040\000p\000r\000o\000b\000l\000e\000m\000a\000\040\000y\000\040\000o\000b\000j\000e\000t\000i\000v\000o\000s}{}% 37
\BOOKMARK [1][-]{section.3.1}{\376\377\000D\000e\000s\000c\000r\000i\000p\000c\000i\000\363\000n\000\040\000d\000e\000l\000\040\000p\000r\000o\000b\000l\000e\000m\000a}{chapter.3}% 38
\BOOKMARK [1][-]{section.3.2}{\376\377\000P\000r\000e\000g\000u\000n\000t\000a\000s\000\040\000d\000e\000\040\000i\000n\000v\000e\000s\000t\000i\000g\000a\000c\000i\000\363\000n}{chapter.3}% 39
\BOOKMARK [1][-]{section.3.3}{\376\377\000O\000b\000j\000e\000t\000i\000v\000o\000s\000\040\000d\000e\000l\000\040\000t\000r\000a\000b\000a\000j\000o}{chapter.3}% 40
\BOOKMARK [2][-]{subsection.3.3.1}{\376\377\000O\000b\000j\000e\000t\000i\000v\000o\000\040\000g\000e\000n\000e\000r\000a\000l}{section.3.3}% 41
\BOOKMARK [2][-]{subsection.3.3.2}{\376\377\000O\000b\000j\000e\000t\000i\000v\000o\000s\000\040\000e\000s\000p\000e\000c\000\355\000f\000i\000c\000o\000s}{section.3.3}% 42
\BOOKMARK [0][-]{chapter.4}{\376\377\000M\000e\000t\000o\000d\000o\000l\000o\000g\000\355\000a\000\040\000d\000e\000\040\000t\000r\000a\000b\000a\000j\000o}{}% 43
\BOOKMARK [1][-]{section.4.1}{\376\377\000E\000n\000f\000o\000q\000u\000e\000\040\000m\000e\000t\000o\000d\000o\000l\000\363\000g\000i\000c\000o}{chapter.4}% 44
\BOOKMARK [1][-]{section.4.2}{\376\377\000D\000i\000s\000e\000\361\000o\000\040\000e\000x\000p\000e\000r\000i\000m\000e\000n\000t\000a\000l}{chapter.4}% 45
\BOOKMARK [2][-]{subsection.4.2.1}{\376\377\000V\000a\000r\000i\000a\000b\000l\000e\000s\000\040\000i\000n\000d\000e\000p\000e\000n\000d\000i\000e\000n\000t\000e\000s}{section.4.2}% 46
\BOOKMARK [2][-]{subsection.4.2.2}{\376\377\000V\000a\000r\000i\000a\000b\000l\000e\000s\000\040\000d\000e\000p\000e\000n\000d\000i\000e\000n\000t\000e\000s}{section.4.2}% 47
\BOOKMARK [2][-]{subsection.4.2.3}{\376\377\000V\000a\000r\000i\000a\000b\000l\000e\000s\000\040\000c\000o\000n\000t\000r\000o\000l\000a\000d\000a\000s}{section.4.2}% 48
\BOOKMARK [1][-]{section.4.3}{\376\377\000S\000e\000l\000e\000c\000c\000i\000\363\000n\000\040\000d\000e\000\040\000c\000o\000n\000j\000u\000n\000t\000o\000s\000\040\000d\000e\000\040\000d\000a\000t\000o\000s}{chapter.4}% 49
\BOOKMARK [2][-]{subsection.4.3.1}{\376\377\000C\000r\000i\000t\000e\000r\000i\000o\000s\000\040\000d\000e\000\040\000s\000e\000l\000e\000c\000c\000i\000\363\000n}{section.4.3}% 50
\BOOKMARK [2][-]{subsection.4.3.2}{\376\377\000C\000o\000n\000j\000u\000n\000t\000o\000s\000\040\000d\000e\000\040\000d\000a\000t\000o\000s\000\040\000p\000a\000r\000a\000\040\000t\000a\000r\000e\000a\000s\000\040\000d\000e\000\040\000c\000l\000a\000s\000i\000f\000i\000c\000a\000c\000i\000\363\000n}{section.4.3}% 51
\BOOKMARK [2][-]{subsection.4.3.3}{\376\377\000C\000o\000n\000j\000u\000n\000t\000o\000s\000\040\000d\000e\000\040\000d\000a\000t\000o\000s\000\040\000p\000a\000r\000a\000\040\000t\000a\000r\000e\000a\000s\000\040\000d\000e\000\040\000r\000e\000g\000r\000e\000s\000i\000\363\000n}{section.4.3}% 52
\BOOKMARK [1][-]{section.4.4}{\376\377\000S\000e\000l\000e\000c\000c\000i\000\363\000n\000\040\000d\000e\000\040\000m\000o\000d\000e\000l\000o\000s\000\040\000b\000a\000s\000e}{chapter.4}% 53
\BOOKMARK [2][-]{subsection.4.4.1}{\376\377\000M\000o\000d\000e\000l\000o\000s\000\040\000c\000l\000\341\000s\000i\000c\000o\000s}{section.4.4}% 54
\BOOKMARK [2][-]{subsection.4.4.2}{\376\377\000R\000e\000d\000e\000s\000\040\000n\000e\000u\000r\000o\000n\000a\000l\000e\000s\000\040\000l\000i\000g\000e\000r\000a\000s}{section.4.4}% 55
\BOOKMARK [1][-]{section.4.5}{\376\377\000E\000s\000t\000r\000a\000t\000e\000g\000i\000a\000s\000\040\000d\000e\000\040\000i\000m\000p\000l\000e\000m\000e\000n\000t\000a\000c\000i\000\363\000n\000\040\000y\000\040\000t\000\351\000c\000n\000i\000c\000a\000s\000\040\000d\000e\000\040\000c\000o\000m\000p\000r\000e\000s\000i\000\363\000n}{chapter.4}% 56
\BOOKMARK [2][-]{subsection.4.5.1}{\376\377\000F\000l\000u\000j\000o\000\040\000s\000c\000i\000k\000i\000t\000-\000l\000e\000a\000r\000n\000\040\000n\000a\000t\000i\000v\000o}{section.4.5}% 57
\BOOKMARK [2][-]{subsection.4.5.2}{\376\377\000F\000l\000u\000j\000o\000\040\000s\000c\000i\000k\000i\000t\000-\000l\000e\000a\000r\000n\000\040\000+\000\040\000O\000N\000N\000X}{section.4.5}% 58
\BOOKMARK [2][-]{subsection.4.5.3}{\376\377\000F\000l\000u\000j\000o\000s\000\040\000P\000y\000T\000o\000r\000c\000h\000\040\000y\000\040\000T\000e\000n\000s\000o\000r\000F\000l\000o\000w\000\040\000L\000i\000t\000e\000/\000L\000i\000t\000e\000R\000T}{section.4.5}% 59
\BOOKMARK [1][-]{section.4.6}{\376\377\000P\000r\000o\000t\000o\000c\000o\000l\000o\000\040\000e\000x\000p\000e\000r\000i\000m\000e\000n\000t\000a\000l}{chapter.4}% 60
\BOOKMARK [1][-]{section.4.7}{\376\377\000P\000r\000o\000c\000e\000d\000i\000m\000i\000e\000n\000t\000o\000s\000\040\000d\000e\000\040\000r\000e\000c\000o\000g\000i\000d\000a\000\040\000y\000\040\000a\000l\000m\000a\000c\000e\000n\000a\000m\000i\000e\000n\000t\000o\000\040\000d\000e\000\040\000d\000a\000t\000o\000s}{chapter.4}% 61
\BOOKMARK [1][-]{section.4.8}{\376\377\000R\000e\000p\000r\000o\000d\000u\000c\000i\000b\000i\000l\000i\000d\000a\000d\000,\000\040\000c\000o\000n\000t\000r\000o\000l\000\040\000d\000e\000\040\000c\000a\000l\000i\000d\000a\000d\000\040\000y\000\040\000c\000o\000n\000s\000i\000d\000e\000r\000a\000c\000i\000o\000n\000e\000s\000\040\000\351\000t\000i\000c\000a\000s}{chapter.4}% 62
\BOOKMARK [1][-]{section.4.9}{\376\377\000H\000e\000r\000r\000a\000m\000i\000e\000n\000t\000a\000s\000\040\000y\000\040\000e\000q\000u\000i\000p\000o\000s}{chapter.4}% 63
\BOOKMARK [2][-]{subsection.4.9.1}{\376\377\000H\000a\000r\000d\000w\000a\000r\000e}{section.4.9}% 64
\BOOKMARK [2][-]{subsection.4.9.2}{\376\377\000S\000o\000f\000t\000w\000a\000r\000e}{section.4.9}% 65
\BOOKMARK [1][-]{section.4.10}{\376\377\000L\000i\000m\000i\000t\000a\000c\000i\000o\000n\000e\000s\000\040\000m\000e\000t\000o\000d\000o\000l\000\363\000g\000i\000c\000a\000s}{chapter.4}% 66
\BOOKMARK [0][-]{chapter.5}{\376\377\000D\000e\000s\000a\000r\000r\000o\000l\000l\000o\000\040\000y\000\040\000e\000x\000p\000e\000r\000i\000m\000e\000n\000t\000a\000c\000i\000\363\000n}{}% 67
\BOOKMARK [1][-]{section.5.1}{\376\377\000D\000i\000s\000e\000\361\000o\000\040\000y\000\040\000a\000r\000q\000u\000i\000t\000e\000c\000t\000u\000r\000a\000\040\000d\000e\000l\000\040\000e\000n\000t\000o\000r\000n\000o\000\040\000e\000x\000p\000e\000r\000i\000m\000e\000n\000t\000a\000l}{chapter.5}% 68
\BOOKMARK [2][-]{subsection.5.1.1}{\376\377\000O\000r\000g\000a\000n\000i\000z\000a\000c\000i\000\363\000n\000\040\000d\000e\000l\000\040\000c\000\363\000d\000i\000g\000o}{section.5.1}% 69
\BOOKMARK [1][-]{section.5.2}{\376\377\000I\000n\000t\000e\000g\000r\000a\000c\000i\000\363\000n\000\040\000y\000\040\000p\000r\000e\000p\000a\000r\000a\000c\000i\000\363\000n\000\040\000d\000e\000\040\000l\000o\000s\000\040\000c\000o\000n\000j\000u\000n\000t\000o\000s\000\040\000d\000e\000\040\000d\000a\000t\000o\000s}{chapter.5}% 70
\BOOKMARK [2][-]{subsection.5.2.1}{\376\377\000P\000r\000e\000p\000r\000o\000c\000e\000s\000a\000m\000i\000e\000n\000t\000o\000\040\000y\000\040\000r\000e\000p\000r\000e\000s\000e\000n\000t\000a\000c\000i\000\363\000n\000\040\000d\000e\000\040\000l\000o\000s\000\040\000d\000a\000t\000o\000s}{section.5.2}% 71
\BOOKMARK [1][-]{section.5.3}{\376\377\000D\000e\000s\000a\000r\000r\000o\000l\000l\000o\000\040\000d\000e\000\040\000l\000o\000s\000\040\000m\000o\000d\000e\000l\000o\000s\000\040\000b\000a\000s\000e}{chapter.5}% 72
\BOOKMARK [2][-]{subsection.5.3.1}{\376\377\000C\000l\000a\000s\000i\000f\000i\000c\000a\000c\000i\000\363\000n}{section.5.3}% 73
\BOOKMARK [2][-]{subsection.5.3.2}{\376\377\000R\000e\000g\000r\000e\000s\000i\000\363\000n}{section.5.3}% 74
\BOOKMARK [1][-]{section.5.4}{\376\377\000D\000e\000s\000a\000r\000r\000o\000l\000l\000o\000\040\000d\000e\000\040\000l\000o\000s\000\040\000m\000o\000d\000e\000l\000o\000s\000\040\000o\000p\000t\000i\000m\000i\000z\000a\000d\000o\000s\000\040\000p\000a\000r\000a\000\040\000d\000e\000s\000p\000l\000i\000e\000g\000u\000e}{chapter.5}% 75
\BOOKMARK [2][-]{subsection.5.4.1}{\376\377\000R\000e\000d\000u\000c\000c\000i\000\363\000n\000\040\000d\000e\000\040\000p\000r\000o\000t\000o\000t\000i\000p\000o\000s\000\040\000e\000n\000\040\000k\000-\000N\000N}{section.5.4}% 76
\BOOKMARK [2][-]{subsection.5.4.2}{\376\377\000P\000o\000d\000a\000\040\000y\000\040\000s\000p\000a\000r\000s\000i\000t\000y\000\040\000e\000n\000\040\000m\000o\000d\000e\000l\000o\000s\000\040\000l\000i\000n\000e\000a\000l\000e\000s\000\040\000y\000\040\000M\000L\000P}{section.5.4}% 77
\BOOKMARK [2][-]{subsection.5.4.3}{\376\377\000P\000o\000d\000a\000\040\000d\000e\000\040\000\341\000r\000b\000o\000l\000e\000s\000\040\000d\000e\000\040\000d\000e\000c\000i\000s\000i\000\363\000n}{section.5.4}% 78
\BOOKMARK [2][-]{subsection.5.4.4}{\376\377\000D\000e\000s\000t\000i\000l\000a\000c\000i\000\363\000n\000\040\000d\000e\000\040\000R\000a\000n\000d\000o\000m\000\040\000F\000o\000r\000e\000s\000t}{section.5.4}% 79
\BOOKMARK [2][-]{subsection.5.4.5}{\376\377\000P\000i\000p\000e\000l\000i\000n\000e\000\040\000i\000n\000t\000e\000g\000r\000a\000d\000o\000\040\000d\000e\000\040\000c\000o\000m\000p\000r\000e\000s\000i\000\363\000n}{section.5.4}% 80
\BOOKMARK [1][-]{section.5.5}{\376\377\000C\000o\000n\000v\000e\000r\000s\000i\000\363\000n\000,\000\040\000c\000u\000a\000n\000t\000i\000z\000a\000c\000i\000\363\000n\000\040\000e\000\040\000i\000n\000f\000e\000r\000e\000n\000c\000i\000a\000\040\000m\000e\000d\000i\000a\000n\000t\000e\000\040\000O\000N\000N\000X}{chapter.5}% 81
\BOOKMARK [2][-]{subsection.5.5.1}{\376\377\000C\000o\000n\000t\000r\000a\000t\000o\000\040\000d\000e\000\040\000e\000n\000t\000r\000a\000d\000a\000\040\000y\000\040\000m\000a\000p\000e\000o\000\040\000d\000e\000\040\000o\000p\000e\000r\000a\000d\000o\000r\000e\000s}{section.5.5}% 82
\BOOKMARK [2][-]{subsection.5.5.2}{\376\377\000T\000r\000a\000d\000u\000c\000c\000i\000\363\000n\000\040\000e\000s\000t\000r\000u\000c\000t\000u\000r\000a\000l\000\040\000y\000\040\000c\000o\000m\000p\000a\000t\000i\000b\000i\000l\000i\000d\000a\000d\000\040\000\050\000O\000p\000s\000e\000t\000s\000\051}{section.5.5}% 83
\BOOKMARK [2][-]{subsection.5.5.3}{\376\377\000I\000n\000f\000e\000r\000e\000n\000c\000i\000a\000\040\000d\000e\000\040\000f\000o\000r\000m\000a\000s\000\040\000y\000\040\000s\000e\000r\000i\000a\000l\000i\000z\000a\000c\000i\000\363\000n}{section.5.5}% 84
\BOOKMARK [2][-]{subsection.5.5.4}{\376\377\000C\000u\000a\000n\000t\000i\000z\000a\000c\000i\000\363\000n\000\040\000p\000o\000s\000t\000-\000e\000n\000t\000r\000e\000n\000a\000m\000i\000e\000n\000t\000o\000\040\000\050\000P\000Q\000T\000\051\000\040\000y\000\040\000f\000o\000r\000m\000a\000t\000o\000\040\000Q\000D\000Q}{section.5.5}% 85
\BOOKMARK [1][-]{section.5.6}{\376\377\000D\000e\000s\000a\000r\000r\000o\000l\000l\000o\000\040\000d\000e\000l\000\040\000p\000r\000o\000t\000o\000t\000i\000p\000o\000\040\000b\000a\000s\000a\000d\000o\000\040\000e\000n\000\040\000P\000y\000T\000o\000r\000c\000h}{chapter.5}% 86
\BOOKMARK [2][-]{subsection.5.6.1}{\376\377\000A\000r\000q\000u\000i\000t\000e\000c\000t\000u\000r\000a\000\040\000d\000e\000\040\000l\000a\000\040\000r\000e\000d\000\040\000n\000e\000u\000r\000o\000n\000a\000l}{section.5.6}% 87
\BOOKMARK [2][-]{subsection.5.6.2}{\376\377\000P\000r\000e\000p\000r\000o\000c\000e\000s\000a\000m\000i\000e\000n\000t\000o}{section.5.6}% 88
\BOOKMARK [2][-]{subsection.5.6.3}{\376\377\000C\000i\000c\000l\000o\000\040\000d\000e\000\040\000e\000n\000t\000r\000e\000n\000a\000m\000i\000e\000n\000t\000o}{section.5.6}% 89
\BOOKMARK [2][-]{subsection.5.6.4}{\376\377\000C\000u\000a\000n\000t\000i\000z\000a\000c\000i\000\363\000n\000\040\000m\000e\000d\000i\000a\000n\000t\000e\000\040\000P\000y\000T\000o\000r\000c\000h\000\040\000F\000X}{section.5.6}% 90
\BOOKMARK [2][-]{subsection.5.6.5}{\376\377\000C\000o\000m\000p\000i\000l\000a\000c\000i\000\363\000n\000\040\000c\000o\000n\000\040\000J\000I\000T}{section.5.6}% 91
\BOOKMARK [2][-]{subsection.5.6.6}{\376\377\000I\000n\000f\000e\000r\000e\000n\000c\000i\000a}{section.5.6}% 92
\BOOKMARK [1][-]{section.5.7}{\376\377\000D\000e\000s\000a\000r\000r\000o\000l\000l\000o\000\040\000d\000e\000l\000\040\000p\000r\000o\000t\000o\000t\000i\000p\000o\000\040\000b\000a\000s\000a\000d\000o\000\040\000e\000n\000\040\000T\000e\000n\000s\000o\000r\000F\000l\000o\000w\000,\000\040\000K\000e\000r\000a\000s\000\040\000y\000\040\000L\000i\000t\000e\000R\000T}{chapter.5}% 93
\BOOKMARK [2][-]{subsection.5.7.1}{\376\377\000F\000a\000s\000e\000\040\000d\000e\000\040\000e\000n\000t\000r\000e\000n\000a\000m\000i\000e\000n\000t\000o}{section.5.7}% 94
\BOOKMARK [2][-]{subsection.5.7.2}{\376\377\000C\000o\000n\000v\000e\000r\000s\000i\000\363\000n\000\040\000a\000\040\000T\000e\000n\000s\000o\000r\000F\000l\000o\000w\000\040\000L\000i\000t\000e\000\040\000y\000\040\000c\000u\000a\000n\000t\000i\000z\000a\000c\000i\000\363\000n}{section.5.7}% 95
\BOOKMARK [2][-]{subsection.5.7.3}{\376\377\000I\000n\000f\000e\000r\000e\000n\000c\000i\000a\000\040\000m\000e\000d\000i\000a\000n\000t\000e\000\040\000L\000i\000t\000e\000R\000T}{section.5.7}% 96
\BOOKMARK [1][-]{section.5.8}{\376\377\000C\000o\000n\000f\000i\000g\000u\000r\000a\000c\000i\000\363\000n\000\040\000d\000e\000l\000\040\000p\000r\000o\000c\000e\000d\000i\000m\000i\000e\000n\000t\000o\000\040\000e\000x\000p\000e\000r\000i\000m\000e\000n\000t\000a\000l}{chapter.5}% 97
\BOOKMARK [2][-]{subsection.5.8.1}{\376\377\000E\000n\000t\000r\000e\000n\000a\000m\000i\000e\000n\000t\000o}{section.5.8}% 98
\BOOKMARK [2][-]{subsection.5.8.2}{\376\377\000I\000n\000f\000e\000r\000e\000n\000c\000i\000a}{section.5.8}% 99
\BOOKMARK [2][-]{subsection.5.8.3}{\376\377\000M\000e\000d\000i\000c\000i\000\363\000n}{section.5.8}% 100
\BOOKMARK [2][-]{subsection.5.8.4}{\376\377\000A\000l\000m\000a\000c\000e\000n\000a\000m\000i\000e\000n\000t\000o\000\040\000d\000e\000\040\000r\000e\000s\000u\000l\000t\000a\000d\000o\000s}{section.5.8}% 101
\BOOKMARK [2][-]{subsection.5.8.5}{\376\377\000E\000j\000e\000c\000u\000c\000i\000\363\000n\000\040\000c\000o\000m\000p\000l\000e\000t\000a\000\040\000d\000e\000l\000\040\000e\000x\000p\000e\000r\000i\000m\000e\000n\000t\000o}{section.5.8}% 102
\BOOKMARK [1][-]{section.5.9}{\376\377\000M\000e\000t\000o\000d\000o\000l\000o\000g\000\355\000a\000\040\000d\000e\000\040\000e\000v\000a\000l\000u\000a\000c\000i\000\363\000n\000\040\000e\000s\000t\000a\000d\000\355\000s\000t\000i\000c\000a\000\040\000y\000\040\000a\000n\000\341\000l\000i\000s\000i\000s\000\040\000d\000e\000\040\000c\000o\000m\000p\000r\000o\000m\000i\000s\000o\000s}{chapter.5}% 103
\BOOKMARK [2][-]{subsection.5.9.1}{\376\377\000E\000v\000a\000l\000u\000a\000c\000i\000\363\000n\000\040\000e\000s\000t\000a\000d\000\355\000s\000t\000i\000c\000a}{section.5.9}% 104
\BOOKMARK [2][-]{subsection.5.9.2}{\376\377\000A\000n\000\341\000l\000i\000s\000i\000s\000\040\000d\000e\000\040\000c\000o\000m\000p\000r\000o\000m\000i\000s\000o\000s}{section.5.9}% 105
\BOOKMARK [0][-]{chapter.6}{\376\377\000R\000e\000s\000u\000l\000t\000a\000d\000o\000s\000\040\000y\000\040\000d\000i\000s\000c\000u\000s\000i\000\363\000n}{}% 106
\BOOKMARK [1][-]{section.6.1}{\376\377\000E\000s\000t\000r\000u\000c\000t\000u\000r\000a\000c\000i\000\363\000n\000\040\000d\000e\000l\000\040\000e\000c\000o\000s\000i\000s\000t\000e\000m\000a\000\040\000e\000x\000p\000e\000r\000i\000m\000e\000n\000t\000a\000l}{chapter.6}% 107
\BOOKMARK [1][-]{section.6.2}{\376\377\000P\000r\000e\000s\000e\000n\000t\000a\000c\000i\000\363\000n\000\040\000g\000l\000o\000b\000a\000l\000\040\000y\000\040\000a\000n\000\341\000l\000i\000s\000i\000s\000\040\000d\000e\000\040\000r\000e\000s\000u\000l\000t\000a\000d\000o\000s}{chapter.6}% 108
\BOOKMARK [2][-]{subsection.6.2.1}{\376\377\000S\000c\000i\000k\000i\000t\000-\000l\000e\000a\000r\000n}{section.6.2}% 109
\BOOKMARK [2][-]{subsection.6.2.2}{\376\377\000O\000N\000N\000X}{section.6.2}% 110
\BOOKMARK [2][-]{subsection.6.2.3}{\376\377\000P\000y\000T\000o\000r\000c\000h\000\040\000y\000\040\000T\000e\000n\000s\000o\000r\000F\000l\000o\000w}{section.6.2}% 111
\BOOKMARK [2][-]{subsection.6.2.4}{\376\377\000M\000L\000P}{section.6.2}% 112
\BOOKMARK [1][-]{section.6.3}{\376\377\000C\000o\000m\000p\000r\000o\000m\000i\000s\000o\000s\000\040\000y\000\040\000e\000s\000c\000a\000l\000a\000b\000i\000l\000i\000d\000a\000d}{chapter.6}% 113
\BOOKMARK [2][-]{subsection.6.3.1}{\376\377\000M\000e\000t\000o\000d\000o\000l\000o\000g\000\355\000a\000\040\000d\000e\000l\000\040\000a\000n\000\341\000l\000i\000s\000i\000s\000\040\000m\000u\000l\000t\000i\000o\000b\000j\000e\000t\000i\000v\000o}{section.6.3}% 114
\BOOKMARK [2][-]{subsection.6.3.2}{\376\377\000F\000r\000e\000n\000t\000e\000\040\000d\000e\000\040\000P\000a\000r\000e\000t\000o}{section.6.3}% 115
\BOOKMARK [2][-]{subsection.6.3.3}{\376\377\000E\000s\000c\000a\000l\000a\000b\000i\000l\000i\000d\000a\000d\000\040\000r\000e\000s\000p\000e\000c\000t\000o\000\040\000a\000\040\000l\000a\000\040\000d\000i\000m\000e\000n\000s\000i\000o\000n\000a\000l\000i\000d\000a\000d\000\040\000y\000\040\000e\000l\000\040\000v\000o\000l\000u\000m\000e\000n\000\040\000d\000e\000\040\000d\000a\000t\000o\000s}{section.6.3}% 116
\BOOKMARK [2][-]{subsection.6.3.4}{\376\377\000P\000r\000o\000y\000e\000c\000c\000i\000o\000n\000e\000s\000\040\000y\000\040\000e\000x\000t\000r\000a\000p\000o\000l\000a\000c\000i\000o\000n\000e\000s}{section.6.3}% 117
\BOOKMARK [0][-]{chapter.7}{\376\377\000C\000o\000n\000c\000l\000u\000s\000i\000o\000n\000e\000s\000\040\000y\000\040\000r\000e\000c\000o\000m\000e\000n\000d\000a\000c\000i\000o\000n\000e\000s}{}% 118
\BOOKMARK [1][-]{section.7.1}{\376\377\000S\000\355\000n\000t\000e\000s\000i\000s\000\040\000d\000e\000\040\000l\000o\000s\000\040\000r\000e\000s\000u\000l\000t\000a\000d\000o\000s\000\040\000p\000r\000i\000n\000c\000i\000p\000a\000l\000e\000s}{chapter.7}% 119
\BOOKMARK [2][-]{subsection.7.1.1}{\376\377\000E\000l\000\040\000f\000r\000a\000m\000e\000w\000o\000r\000k\000\040\000d\000e\000\040\000d\000e\000s\000p\000l\000i\000e\000g\000u\000e\000\040\000c\000o\000n\000d\000i\000c\000i\000o\000n\000a\000\040\000t\000a\000n\000t\000o\000\040\000e\000l\000\040\000r\000e\000n\000d\000i\000m\000i\000e\000n\000t\000o\000\040\000c\000o\000m\000o\000\040\000e\000l\000\040\000c\000o\000s\000t\000e}{section.7.1}% 120
\BOOKMARK [2][-]{subsection.7.1.2}{\376\377\000L\000a\000\040\000c\000u\000a\000n\000t\000i\000z\000a\000c\000i\000\363\000n\000\040\000y\000\040\000l\000a\000\040\000d\000e\000s\000t\000i\000l\000a\000c\000i\000\363\000n\000\040\000d\000e\000\040\000c\000o\000n\000o\000c\000i\000m\000i\000e\000n\000t\000o\000\040\000n\000o\000\040\000s\000o\000n\000\040\000t\000\351\000c\000n\000i\000c\000a\000s\000\040\000i\000n\000t\000e\000r\000c\000a\000m\000b\000i\000a\000b\000l\000e\000s}{section.7.1}% 121
\BOOKMARK [2][-]{subsection.7.1.3}{\376\377\000C\000l\000a\000s\000i\000f\000i\000c\000a\000c\000i\000\363\000n\000\040\000y\000\040\000r\000e\000g\000r\000e\000s\000i\000\363\000n\000\040\000n\000o\000\040\000s\000e\000\040\000c\000o\000m\000p\000o\000r\000t\000a\000n\000\040\000i\000g\000u\000a\000l\000\040\000a\000n\000t\000e\000\040\000l\000a\000\040\000c\000o\000m\000p\000r\000e\000s\000i\000\363\000n}{section.7.1}% 122
\BOOKMARK [2][-]{subsection.7.1.4}{\376\377\000N\000i\000n\000g\000\372\000n\000\040\000m\000o\000d\000e\000l\000o\000\040\000d\000o\000m\000i\000n\000a\000\040\000e\000n\000\040\000s\000o\000l\000i\000t\000a\000r\000i\000o\000:\000\040\000l\000a\000\040\000f\000r\000o\000n\000t\000e\000r\000a\000\040\000d\000e\000\040\000P\000a\000r\000e\000t\000o\000\040\000y\000\040\000l\000a\000\040\000e\000s\000c\000a\000l\000a\000b\000i\000l\000i\000d\000a\000d}{section.7.1}% 123
\BOOKMARK [1][-]{section.7.2}{\376\377\000C\000o\000n\000t\000r\000a\000s\000t\000e\000\040\000d\000e\000\040\000l\000a\000\040\000h\000i\000p\000\363\000t\000e\000s\000i\000s\000\040\000d\000e\000\040\000t\000r\000a\000b\000a\000j\000o}{chapter.7}% 124
\BOOKMARK [1][-]{section.7.3}{\376\377\000I\000m\000p\000l\000i\000c\000a\000c\000i\000o\000n\000e\000s\000\040\000p\000r\000\341\000c\000t\000i\000c\000a\000s\000\040\000y\000\040\000g\000u\000\355\000a\000\040\000d\000e\000\040\000s\000e\000l\000e\000c\000c\000i\000\363\000n}{chapter.7}% 125
\BOOKMARK [1][-]{section.7.4}{\376\377\000L\000i\000m\000i\000t\000a\000c\000i\000o\000n\000e\000s\000\040\000d\000e\000l\000\040\000e\000s\000t\000u\000d\000i\000o}{chapter.7}% 126
\BOOKMARK [1][-]{section.7.5}{\376\377\000L\000\355\000n\000e\000a\000s\000\040\000f\000u\000t\000u\000r\000a\000s\000\040\000d\000e\000\040\000i\000n\000v\000e\000s\000t\000i\000g\000a\000c\000i\000\363\000n}{chapter.7}% 127
\BOOKMARK [1][-]{section.7.6}{\376\377\000R\000e\000f\000l\000e\000x\000i\000\363\000n\000\040\000f\000i\000n\000a\000l}{chapter.7}% 128
\BOOKMARK [0][-]{chapter*.245}{\376\377\000R\000e\000f\000e\000r\000e\000n\000c\000i\000a\000s\000\040\000y\000\040\000B\000i\000b\000l\000i\000o\000g\000r\000a\000f\000\355\000a}{}% 129
\BOOKMARK [0][-]{appendix.Alph1}{\376\377\000M\000a\000n\000u\000a\000l\000\040\000d\000e\000\040\000u\000s\000u\000a\000r\000i\000o}{}% 130
\BOOKMARK [1][-]{section.Alph1.1}{\376\377\000I\000n\000t\000r\000o\000d\000u\000c\000c\000i\000\363\000n}{appendix.Alph1}% 131
\BOOKMARK [1][-]{section.Alph1.2}{\376\377\000R\000e\000q\000u\000i\000s\000i\000t\000o\000s\000\040\000d\000e\000l\000\040\000s\000i\000s\000t\000e\000m\000a}{appendix.Alph1}% 132
\BOOKMARK [2][-]{subsection.Alph1.2.1}{\376\377\000R\000e\000q\000u\000i\000s\000i\000t\000o\000s\000\040\000h\000a\000r\000d\000w\000a\000r\000e}{section.Alph1.2}% 133
\BOOKMARK [2][-]{subsection.Alph1.2.2}{\376\377\000R\000e\000q\000u\000i\000s\000i\000t\000o\000s\000\040\000s\000o\000f\000t\000w\000a\000r\000e}{section.Alph1.2}% 134
\BOOKMARK [1][-]{section.Alph1.3}{\376\377\000I\000n\000s\000t\000a\000l\000a\000c\000i\000\363\000n}{appendix.Alph1}% 135
\BOOKMARK [2][-]{subsection.Alph1.3.1}{\376\377\000I\000n\000s\000t\000a\000l\000a\000c\000i\000\363\000n\000\040\000d\000e\000l\000\040\000s\000o\000f\000t\000w\000a\000r\000e}{section.Alph1.3}% 136
\BOOKMARK [2][-]{subsection.Alph1.3.2}{\376\377\000I\000n\000s\000t\000a\000l\000a\000c\000i\000\363\000n\000\040\000d\000e\000\040\000P\000y\000t\000h\000o\000n}{section.Alph1.3}% 137
\BOOKMARK [2][-]{subsection.Alph1.3.3}{\376\377\000I\000n\000s\000t\000a\000l\000a\000c\000i\000\363\000n\000\040\000d\000e\000\040\000l\000i\000b\000r\000e\000r\000\355\000a\000s}{section.Alph1.3}% 138
\BOOKMARK [1][-]{section.Alph1.4}{\376\377\000D\000e\000s\000i\000n\000s\000t\000a\000l\000a\000c\000i\000\363\000n}{appendix.Alph1}% 139
\BOOKMARK [2][-]{subsection.Alph1.4.1}{\376\377\000D\000e\000s\000i\000n\000s\000t\000a\000l\000a\000c\000i\000\363\000n\000\040\000d\000e\000l\000\040\000s\000o\000f\000t\000w\000a\000r\000e}{section.Alph1.4}% 140
\BOOKMARK [2][-]{subsection.Alph1.4.2}{\376\377\000D\000e\000s\000i\000n\000s\000t\000a\000l\000a\000c\000i\000\363\000n\000\040\000d\000e\000\040\000P\000y\000t\000h\000o\000n}{section.Alph1.4}% 141
\BOOKMARK [2][-]{subsection.Alph1.4.3}{\376\377\000D\000e\000s\000i\000n\000s\000t\000a\000l\000a\000c\000i\000\363\000n\000\040\000d\000e\000\040\000l\000i\000b\000r\000e\000r\000\355\000a\000s}{section.Alph1.4}% 142
\BOOKMARK [1][-]{section.Alph1.5}{\376\377\000E\000j\000e\000c\000u\000c\000i\000\363\000n\000\040\000d\000e\000l\000\040\000f\000l\000u\000j\000o\000\040\000d\000e\000\040\000e\000x\000p\000e\000r\000i\000m\000e\000n\000t\000a\000c\000i\000\363\000n}{appendix.Alph1}% 143
\BOOKMARK [1][-]{section.Alph1.6}{\376\377\000E\000j\000e\000c\000u\000c\000i\000\363\000n\000\040\000d\000e\000\040\000l\000o\000s\000\040\000t\000e\000s\000t\000s\000\040\000y\000\040\000a\000n\000\341\000l\000i\000s\000i\000s\000\040\000d\000e\000\040\000d\000a\000t\000o\000s}{appendix.Alph1}% 144
\BOOKMARK [2][-]{subsection.Alph1.6.1}{\376\377\000A\000r\000g\000u\000m\000e\000n\000t\000o\000s\000\040\000p\000a\000r\000a\000\040\000l\000o\000s\000\040\000t\000e\000s\000t\000s\000\040\000e\000s\000t\000a\000d\000\355\000s\000t\000i\000c\000o\000s}{section.Alph1.6}% 145
\BOOKMARK [2][-]{subsection.Alph1.6.2}{\376\377\000A\000r\000g\000u\000m\000e\000n\000t\000o\000s\000\040\000p\000a\000r\000a\000\040\000e\000l\000\040\000a\000n\000\341\000l\000i\000s\000i\000s\000\040\000d\000e\000\040\000c\000o\000m\000p\000r\000o\000m\000i\000s\000o\000s}{section.Alph1.6}% 146
\BOOKMARK [0][-]{appendix.Alph2}{\376\377\000M\000a\000n\000u\000a\000l\000\040\000d\000e\000\040\000c\000\363\000d\000i\000g\000o}{}% 147
\BOOKMARK [1][-]{section.Alph2.1}{\376\377\000I\000n\000t\000r\000o\000d\000u\000c\000c\000i\000\363\000n}{appendix.Alph2}% 148
\BOOKMARK [1][-]{section.Alph2.2}{\376\377\000E\000s\000t\000r\000u\000c\000t\000u\000r\000a\000\040\000d\000e\000\040\000d\000i\000r\000e\000c\000t\000o\000r\000i\000o\000s}{appendix.Alph2}% 149
\BOOKMARK [1][-]{section.Alph2.3}{\376\377\000F\000i\000c\000h\000e\000r\000o\000s\000\040\000d\000e\000\040\000c\000\363\000d\000i\000g\000o}{appendix.Alph2}% 150
\BOOKMARK [2][-]{subsection.Alph2.3.1}{\376\377\000L\000\363\000g\000i\000c\000a\000\040\000d\000e\000\040\000l\000a\000\040\000e\000j\000e\000c\000u\000c\000i\000\363\000n\000\040\000d\000e\000l\000\040\000p\000r\000o\000y\000e\000c\000t\000o}{section.Alph2.3}% 151
\BOOKMARK [2][-]{subsection.Alph2.3.2}{\376\377\000M\000o\000d\000e\000l\000o\000s\000\040\000e\000\040\000i\000m\000p\000l\000e\000m\000e\000n\000t\000a\000c\000i\000o\000n\000e\000s}{section.Alph2.3}% 152
\BOOKMARK [2][-]{subsection.Alph2.3.3}{\376\377\000C\000a\000r\000g\000a\000\040\000d\000e\000\040\000d\000a\000t\000o\000s}{section.Alph2.3}% 153
\BOOKMARK [2][-]{subsection.Alph2.3.4}{\376\377\000F\000u\000n\000c\000i\000o\000n\000e\000s\000\040\000a\000u\000x\000i\000l\000i\000a\000r\000e\000s}{section.Alph2.3}% 154
\BOOKMARK [2][-]{subsection.Alph2.3.5}{\376\377\000S\000c\000r\000i\000p\000t\000s\000\040\000d\000e\000\040\000e\000j\000e\000c\000u\000c\000i\000\363\000n}{section.Alph2.3}% 155
\BOOKMARK [2][-]{subsection.Alph2.3.6}{\376\377\000A\000n\000\341\000l\000i\000s\000i\000s\000\040\000d\000e\000\040\000r\000e\000s\000u\000l\000t\000a\000d\000o\000s}{section.Alph2.3}% 156
\BOOKMARK [0][-]{appendix.Alph3}{\376\377\000R\000e\000s\000u\000l\000t\000a\000d\000o\000s\000\040\000c\000o\000m\000p\000l\000e\000t\000o\000s\000\040\000d\000e\000\040\000l\000a\000\040\000e\000x\000p\000e\000r\000i\000m\000e\000n\000t\000a\000c\000i\000\363\000n}{}% 157
\BOOKMARK [1][-]{section.Alph3.1}{\376\377\000I\000n\000t\000r\000o\000d\000u\000c\000c\000i\000\363\000n}{appendix.Alph3}% 158
